
Allocating common symbols
Common symbol       size              file

plik2               0x224             ..\obj\main.o
petla               0x4               ..\obj\karta_sd.o
f                   0x4               ..\obj\main.o
wym_tab             0x4               ..\obj\karta_sd.o
i                   0x4               ..\obj\karta_sd.o
buffer              0x1000            ..\obj\main.o
d                   0x4               ..\obj\main.o
usta                0x224             ..\obj\main.o
GPIO_InitStructure  0x8               ..\obj\main.o
fresult             0x1               ..\obj\main.o
g_sFatFs            0x230             ..\obj\main.o
plik                0x224             ..\obj\main.o
ADC_Result          0x4               ..\obj\main.o
tab1                0x1d4c0           ..\obj\karta_sd.o

Discarded input sections

 .text          0x00000000        0x0 ..\obj\vectors.o
 .data          0x00000000        0x0 ..\obj\vectors.o
 .bss           0x00000000        0x0 ..\obj\vectors.o
 .vectors       0x00000000      0x188 ..\obj\vectors.o
 .text          0x00000000        0x0 ..\obj\stm32f4xx_syscfg.o
 .data          0x00000000        0x0 ..\obj\stm32f4xx_syscfg.o
 .bss           0x00000000        0x0 ..\obj\stm32f4xx_syscfg.o
 .text.SYSCFG_DeInit
                0x00000000       0x20 ..\obj\stm32f4xx_syscfg.o
 .text.SYSCFG_MemoryRemapConfig
                0x00000000       0x20 ..\obj\stm32f4xx_syscfg.o
 .text.SYSCFG_ETH_MediaInterfaceConfig
                0x00000000       0x20 ..\obj\stm32f4xx_syscfg.o
 .text.SYSCFG_CompensationCellCmd
                0x00000000       0x20 ..\obj\stm32f4xx_syscfg.o
 .text.SYSCFG_GetCompensationCellStatus
                0x00000000       0x3c ..\obj\stm32f4xx_syscfg.o
 .text          0x00000000        0x0 ..\obj\delay.o
 .data          0x00000000        0x0 ..\obj\delay.o
 .bss           0x00000000        0x1 ..\obj\delay.o
 .text.delay_init
                0x00000000       0x40 ..\obj\delay.o
 .text.delay_ms
                0x00000000       0x34 ..\obj\delay.o
 .text.delay_us
                0x00000000       0x84 ..\obj\delay.o
 .debug_info    0x00000000      0x1a6 ..\obj\delay.o
 .debug_abbrev  0x00000000       0xef ..\obj\delay.o
 .debug_loc     0x00000000       0xa8 ..\obj\delay.o
 .debug_aranges
                0x00000000       0x30 ..\obj\delay.o
 .debug_ranges  0x00000000       0x20 ..\obj\delay.o
 .debug_line    0x00000000      0x16d ..\obj\delay.o
 .debug_str     0x00000000      0x18b ..\obj\delay.o
 .comment       0x00000000       0x71 ..\obj\delay.o
 .ARM.attributes
                0x00000000       0x33 ..\obj\delay.o
 .debug_frame   0x00000000       0x68 ..\obj\delay.o
 .text          0x00000000        0x0 ..\obj\stm32f4xx_sdio.o
 .data          0x00000000        0x0 ..\obj\stm32f4xx_sdio.o
 .bss           0x00000000        0x0 ..\obj\stm32f4xx_sdio.o
 .text.SDIO_DeInit
                0x00000000       0x20 ..\obj\stm32f4xx_sdio.o
 .text.SDIO_Init
                0x00000000       0x68 ..\obj\stm32f4xx_sdio.o
 .text.SDIO_StructInit
                0x00000000       0x44 ..\obj\stm32f4xx_sdio.o
 .text.SDIO_ClockCmd
                0x00000000       0x20 ..\obj\stm32f4xx_sdio.o
 .text.SDIO_SetPowerState
                0x00000000       0x20 ..\obj\stm32f4xx_sdio.o
 .text.SDIO_GetPowerState
                0x00000000       0x1c ..\obj\stm32f4xx_sdio.o
 .text.SDIO_SendCommand
                0x00000000       0x68 ..\obj\stm32f4xx_sdio.o
 .text.SDIO_CmdStructInit
                0x00000000       0x3c ..\obj\stm32f4xx_sdio.o
 .text.SDIO_GetCommandResponse
                0x00000000       0x18 ..\obj\stm32f4xx_sdio.o
 .text.SDIO_GetResponse
                0x00000000       0x2c ..\obj\stm32f4xx_sdio.o
 .text.SDIO_DataConfig
                0x00000000       0x70 ..\obj\stm32f4xx_sdio.o
 .text.SDIO_DataStructInit
                0x00000000       0x44 ..\obj\stm32f4xx_sdio.o
 .text.SDIO_GetDataCounter
                0x00000000       0x18 ..\obj\stm32f4xx_sdio.o
 .text.SDIO_ReadData
                0x00000000       0x18 ..\obj\stm32f4xx_sdio.o
 .text.SDIO_WriteData
                0x00000000       0x20 ..\obj\stm32f4xx_sdio.o
 .text.SDIO_GetFIFOCount
                0x00000000       0x18 ..\obj\stm32f4xx_sdio.o
 .text.SDIO_StartSDIOReadWait
                0x00000000       0x20 ..\obj\stm32f4xx_sdio.o
 .text.SDIO_StopSDIOReadWait
                0x00000000       0x20 ..\obj\stm32f4xx_sdio.o
 .text.SDIO_SetSDIOReadWaitMode
                0x00000000       0x20 ..\obj\stm32f4xx_sdio.o
 .text.SDIO_SetSDIOOperation
                0x00000000       0x20 ..\obj\stm32f4xx_sdio.o
 .text.SDIO_SendSDIOSuspendCmd
                0x00000000       0x20 ..\obj\stm32f4xx_sdio.o
 .text.SDIO_CommandCompletionCmd
                0x00000000       0x20 ..\obj\stm32f4xx_sdio.o
 .text.SDIO_CEATAITCmd
                0x00000000       0x30 ..\obj\stm32f4xx_sdio.o
 .text.SDIO_SendCEATACmd
                0x00000000       0x20 ..\obj\stm32f4xx_sdio.o
 .text.SDIO_DMACmd
                0x00000000       0x20 ..\obj\stm32f4xx_sdio.o
 .text.SDIO_ITConfig
                0x00000000       0x54 ..\obj\stm32f4xx_sdio.o
 .text.SDIO_GetFlagStatus
                0x00000000       0x3c ..\obj\stm32f4xx_sdio.o
 .text.SDIO_ClearFlag
                0x00000000       0x20 ..\obj\stm32f4xx_sdio.o
 .text.SDIO_GetITStatus
                0x00000000       0x3c ..\obj\stm32f4xx_sdio.o
 .text.SDIO_ClearITPendingBit
                0x00000000       0x20 ..\obj\stm32f4xx_sdio.o
 .debug_info    0x00000000      0x8bb ..\obj\stm32f4xx_sdio.o
 .debug_abbrev  0x00000000      0x179 ..\obj\stm32f4xx_sdio.o
 .debug_loc     0x00000000      0x648 ..\obj\stm32f4xx_sdio.o
 .debug_aranges
                0x00000000      0x108 ..\obj\stm32f4xx_sdio.o
 .debug_ranges  0x00000000       0xf8 ..\obj\stm32f4xx_sdio.o
 .debug_line    0x00000000      0x41f ..\obj\stm32f4xx_sdio.o
 .debug_str     0x00000000      0x5f1 ..\obj\stm32f4xx_sdio.o
 .comment       0x00000000       0x71 ..\obj\stm32f4xx_sdio.o
 .ARM.attributes
                0x00000000       0x33 ..\obj\stm32f4xx_sdio.o
 .debug_frame   0x00000000      0x344 ..\obj\stm32f4xx_sdio.o
 .text          0x00000000        0x0 ..\obj\startup_stm32f4xx.o
 .data          0x00000000        0x0 ..\obj\startup_stm32f4xx.o
 .bss           0x00000000        0x0 ..\obj\startup_stm32f4xx.o
 .text          0x00000000        0x0 ..\obj\fpu.o
 .data          0x00000000        0x0 ..\obj\fpu.o
 .bss           0x00000000        0x0 ..\obj\fpu.o
 .text.fpu_enable
                0x00000000       0x28 ..\obj\fpu.o
 .debug_info    0x00000000      0x27c ..\obj\fpu.o
 .debug_abbrev  0x00000000       0xb8 ..\obj\fpu.o
 .debug_loc     0x00000000       0x2c ..\obj\fpu.o
 .debug_aranges
                0x00000000       0x20 ..\obj\fpu.o
 .debug_ranges  0x00000000       0x10 ..\obj\fpu.o
 .debug_line    0x00000000       0xfc ..\obj\fpu.o
 .debug_str     0x00000000      0x19e ..\obj\fpu.o
 .comment       0x00000000       0x71 ..\obj\fpu.o
 .ARM.attributes
                0x00000000       0x33 ..\obj\fpu.o
 .debug_frame   0x00000000       0x28 ..\obj\fpu.o
 .text          0x00000000        0x0 ..\obj\main.o
 .data          0x00000000        0x0 ..\obj\main.o
 .bss           0x00000000        0x2 ..\obj\main.o
 .text          0x00000000        0x0 ..\obj\stm32f4xx_rcc.o
 .bss           0x00000000        0x0 ..\obj\stm32f4xx_rcc.o
 .text.RCC_DeInit
                0x00000000       0x84 ..\obj\stm32f4xx_rcc.o
 .text.RCC_HSEConfig
                0x00000000       0x30 ..\obj\stm32f4xx_rcc.o
 .text.RCC_WaitForHSEStartUp
                0x00000000       0x64 ..\obj\stm32f4xx_rcc.o
 .text.RCC_AdjustHSICalibrationValue
                0x00000000       0x48 ..\obj\stm32f4xx_rcc.o
 .text.RCC_HSICmd
                0x00000000       0x20 ..\obj\stm32f4xx_rcc.o
 .text.RCC_LSEConfig
                0x00000000       0x60 ..\obj\stm32f4xx_rcc.o
 .text.RCC_LSICmd
                0x00000000       0x20 ..\obj\stm32f4xx_rcc.o
 .text.RCC_PLLConfig
                0x00000000       0x48 ..\obj\stm32f4xx_rcc.o
 .text.RCC_PLLCmd
                0x00000000       0x20 ..\obj\stm32f4xx_rcc.o
 .text.RCC_PLLI2SConfig
                0x00000000       0x30 ..\obj\stm32f4xx_rcc.o
 .text.RCC_ClockSecuritySystemCmd
                0x00000000       0x20 ..\obj\stm32f4xx_rcc.o
 .text.RCC_MCO1Config
                0x00000000       0x48 ..\obj\stm32f4xx_rcc.o
 .text.RCC_MCO2Config
                0x00000000       0x48 ..\obj\stm32f4xx_rcc.o
 .text.RCC_SYSCLKConfig
                0x00000000       0x40 ..\obj\stm32f4xx_rcc.o
 .text.RCC_GetSYSCLKSource
                0x00000000       0x20 ..\obj\stm32f4xx_rcc.o
 .text.RCC_HCLKConfig
                0x00000000       0x40 ..\obj\stm32f4xx_rcc.o
 .text.RCC_PCLK1Config
                0x00000000       0x40 ..\obj\stm32f4xx_rcc.o
 .text.RCC_PCLK2Config
                0x00000000       0x44 ..\obj\stm32f4xx_rcc.o
 .text.RCC_RTCCLKConfig
                0x00000000       0x74 ..\obj\stm32f4xx_rcc.o
 .text.RCC_RTCCLKCmd
                0x00000000       0x20 ..\obj\stm32f4xx_rcc.o
 .text.RCC_BackupResetCmd
                0x00000000       0x20 ..\obj\stm32f4xx_rcc.o
 .text.RCC_I2SCLKConfig
                0x00000000       0x20 ..\obj\stm32f4xx_rcc.o
 .text.RCC_AHB2PeriphClockCmd
                0x00000000       0x54 ..\obj\stm32f4xx_rcc.o
 .text.RCC_AHB3PeriphClockCmd
                0x00000000       0x54 ..\obj\stm32f4xx_rcc.o
 .text.RCC_AHB1PeriphResetCmd
                0x00000000       0x54 ..\obj\stm32f4xx_rcc.o
 .text.RCC_AHB2PeriphResetCmd
                0x00000000       0x54 ..\obj\stm32f4xx_rcc.o
 .text.RCC_AHB3PeriphResetCmd
                0x00000000       0x54 ..\obj\stm32f4xx_rcc.o
 .text.RCC_AHB1PeriphClockLPModeCmd
                0x00000000       0x54 ..\obj\stm32f4xx_rcc.o
 .text.RCC_AHB2PeriphClockLPModeCmd
                0x00000000       0x54 ..\obj\stm32f4xx_rcc.o
 .text.RCC_AHB3PeriphClockLPModeCmd
                0x00000000       0x54 ..\obj\stm32f4xx_rcc.o
 .text.RCC_APB1PeriphClockLPModeCmd
                0x00000000       0x54 ..\obj\stm32f4xx_rcc.o
 .text.RCC_APB2PeriphClockLPModeCmd
                0x00000000       0x54 ..\obj\stm32f4xx_rcc.o
 .text.RCC_ITConfig
                0x00000000       0x60 ..\obj\stm32f4xx_rcc.o
 .text.RCC_GetFlagStatus
                0x00000000       0x90 ..\obj\stm32f4xx_rcc.o
 .text.RCC_ClearFlag
                0x00000000       0x24 ..\obj\stm32f4xx_rcc.o
 .text.RCC_GetITStatus
                0x00000000       0x40 ..\obj\stm32f4xx_rcc.o
 .text.RCC_ClearITPendingBit
                0x00000000       0x20 ..\obj\stm32f4xx_rcc.o
 .text          0x00000000        0x0 ..\obj\codec.o
 .bss           0x00000000        0x0 ..\obj\codec.o
 .text          0x00000000        0x0 ..\obj\karta_sd.o
 .data          0x00000000        0x0 ..\obj\karta_sd.o
 .text.otwarcie_pliku
                0x00000000      0x100 ..\obj\karta_sd.o
 .text.zapisz_glosnosc
                0x00000000       0x84 ..\obj\karta_sd.o
 .text.min      0x00000000       0x24 ..\obj\karta_sd.o
 .text          0x00000000        0x0 ..\obj\stm32f4xx_adc.o
 .data          0x00000000        0x0 ..\obj\stm32f4xx_adc.o
 .bss           0x00000000        0x0 ..\obj\stm32f4xx_adc.o
 .text.ADC_DeInit
                0x00000000       0x20 ..\obj\stm32f4xx_adc.o
 .text.ADC_StructInit
                0x00000000       0x4c ..\obj\stm32f4xx_adc.o
 .text.ADC_CommonInit
                0x00000000       0x5c ..\obj\stm32f4xx_adc.o
 .text.ADC_CommonStructInit
                0x00000000       0x34 ..\obj\stm32f4xx_adc.o
 .text.ADC_AnalogWatchdogCmd
                0x00000000       0x3c ..\obj\stm32f4xx_adc.o
 .text.ADC_AnalogWatchdogThresholdsConfig
                0x00000000       0x28 ..\obj\stm32f4xx_adc.o
 .text.ADC_AnalogWatchdogSingleChannelConfig
                0x00000000       0x38 ..\obj\stm32f4xx_adc.o
 .text.ADC_TempSensorVrefintCmd
                0x00000000       0x4c ..\obj\stm32f4xx_adc.o
 .text.ADC_VBATCmd
                0x00000000       0x4c ..\obj\stm32f4xx_adc.o
 .text.ADC_GetSoftwareStartConvStatus
                0x00000000       0x38 ..\obj\stm32f4xx_adc.o
 .text.ADC_EOCOnEachRegularChannelCmd
                0x00000000       0x38 ..\obj\stm32f4xx_adc.o
 .text.ADC_ContinuousModeCmd
                0x00000000       0x38 ..\obj\stm32f4xx_adc.o
 .text.ADC_DiscModeChannelCountConfig
                0x00000000       0x4c ..\obj\stm32f4xx_adc.o
 .text.ADC_DiscModeCmd
                0x00000000       0x38 ..\obj\stm32f4xx_adc.o
 .text.ADC_GetMultiModeConversionValue
                0x00000000       0x18 ..\obj\stm32f4xx_adc.o
 .text.ADC_DMACmd
                0x00000000       0x38 ..\obj\stm32f4xx_adc.o
 .text.ADC_DMARequestAfterLastTransferCmd
                0x00000000       0x38 ..\obj\stm32f4xx_adc.o
 .text.ADC_MultiModeDMARequestAfterLastTransferCmd
                0x00000000       0x4c ..\obj\stm32f4xx_adc.o
 .text.ADC_InjectedChannelConfig
                0x00000000      0x144 ..\obj\stm32f4xx_adc.o
 .text.ADC_InjectedSequencerLengthConfig
                0x00000000       0x4c ..\obj\stm32f4xx_adc.o
 .text.ADC_SetInjectedOffset
                0x00000000       0x34 ..\obj\stm32f4xx_adc.o
 .text.ADC_ExternalTrigInjectedConvConfig
                0x00000000       0x38 ..\obj\stm32f4xx_adc.o
 .text.ADC_ExternalTrigInjectedConvEdgeConfig
                0x00000000       0x38 ..\obj\stm32f4xx_adc.o
 .text.ADC_SoftwareStartInjectedConv
                0x00000000       0x20 ..\obj\stm32f4xx_adc.o
 .text.ADC_GetSoftwareStartInjectedConvCmdStatus
                0x00000000       0x38 ..\obj\stm32f4xx_adc.o
 .text.ADC_AutoInjectedConvCmd
                0x00000000       0x38 ..\obj\stm32f4xx_adc.o
 .text.ADC_InjectedDiscModeCmd
                0x00000000       0x38 ..\obj\stm32f4xx_adc.o
 .text.ADC_GetInjectedConversionValue
                0x00000000       0x34 ..\obj\stm32f4xx_adc.o
 .text.ADC_ITConfig
                0x00000000       0x58 ..\obj\stm32f4xx_adc.o
 .text.ADC_ClearFlag
                0x00000000       0x20 ..\obj\stm32f4xx_adc.o
 .text.ADC_GetITStatus
                0x00000000       0x6c ..\obj\stm32f4xx_adc.o
 .text.ADC_ClearITPendingBit
                0x00000000       0x30 ..\obj\stm32f4xx_adc.o
 .text          0x00000000        0x0 ..\obj\diody.o
 .data          0x00000000        0x0 ..\obj\diody.o
 .bss           0x00000000        0x0 ..\obj\diody.o
 .text          0x00000000        0x0 ..\obj\przycisk.o
 .data          0x00000000        0x0 ..\obj\przycisk.o
 .bss           0x00000000        0x2 ..\obj\przycisk.o
 .text          0x00000000        0x0 ..\obj\spi_sd.o
 .text.SPI_SD_Init
                0x00000000      0x120 ..\obj\spi_sd.o
 .text.disk_timerproc
                0x00000000       0x5c ..\obj\spi_sd.o
 .text          0x00000000        0x0 ..\obj\stm32f4xx_gpio.o
 .data          0x00000000        0x0 ..\obj\stm32f4xx_gpio.o
 .bss           0x00000000        0x0 ..\obj\stm32f4xx_gpio.o
 .text.GPIO_DeInit
                0x00000000      0x178 ..\obj\stm32f4xx_gpio.o
 .text.GPIO_PinLockConfig
                0x00000000       0x44 ..\obj\stm32f4xx_gpio.o
 .text.GPIO_ReadInputData
                0x00000000       0x1c ..\obj\stm32f4xx_gpio.o
 .text.GPIO_ReadOutputDataBit
                0x00000000       0x3c ..\obj\stm32f4xx_gpio.o
 .text.GPIO_ReadOutputData
                0x00000000       0x1c ..\obj\stm32f4xx_gpio.o
 .text.GPIO_WriteBit
                0x00000000       0x30 ..\obj\stm32f4xx_gpio.o
 .text.GPIO_Write
                0x00000000       0x1c ..\obj\stm32f4xx_gpio.o
 .text          0x00000000        0x0 ..\obj\system_stm32f4xx.o
 .data          0x00000000       0x14 ..\obj\system_stm32f4xx.o
 .bss           0x00000000        0x0 ..\obj\system_stm32f4xx.o
 .text.SystemCoreClockUpdate
                0x00000000      0x170 ..\obj\system_stm32f4xx.o
 .text          0x00000000        0x0 ..\obj\stm32f4xx_dma.o
 .data          0x00000000        0x0 ..\obj\stm32f4xx_dma.o
 .bss           0x00000000        0x0 ..\obj\stm32f4xx_dma.o
 .text.DMA_DeInit
                0x00000000      0x244 ..\obj\stm32f4xx_dma.o
 .text.DMA_Init
                0x00000000       0xb0 ..\obj\stm32f4xx_dma.o
 .text.DMA_StructInit
                0x00000000       0x8c ..\obj\stm32f4xx_dma.o
 .text.DMA_Cmd  0x00000000       0x38 ..\obj\stm32f4xx_dma.o
 .text.DMA_PeriphIncOffsetSizeConfig
                0x00000000       0x34 ..\obj\stm32f4xx_dma.o
 .text.DMA_FlowControllerConfig
                0x00000000       0x34 ..\obj\stm32f4xx_dma.o
 .text.DMA_SetCurrDataCounter
                0x00000000       0x1c ..\obj\stm32f4xx_dma.o
 .text.DMA_GetCurrDataCounter
                0x00000000       0x1c ..\obj\stm32f4xx_dma.o
 .text.DMA_DoubleBufferModeConfig
                0x00000000       0x3c ..\obj\stm32f4xx_dma.o
 .text.DMA_DoubleBufferModeCmd
                0x00000000       0x38 ..\obj\stm32f4xx_dma.o
 .text.DMA_MemoryTargetConfig
                0x00000000       0x2c ..\obj\stm32f4xx_dma.o
 .text.DMA_GetCurrentMemoryTarget
                0x00000000       0x38 ..\obj\stm32f4xx_dma.o
 .text.DMA_GetCmdStatus
                0x00000000       0x38 ..\obj\stm32f4xx_dma.o
 .text.DMA_GetFIFOStatus
                0x00000000       0x28 ..\obj\stm32f4xx_dma.o
 .text.DMA_GetFlagStatus
                0x00000000       0x84 ..\obj\stm32f4xx_dma.o
 .text.DMA_ClearFlag
                0x00000000       0x60 ..\obj\stm32f4xx_dma.o
 .text.DMA_ITConfig
                0x00000000       0x74 ..\obj\stm32f4xx_dma.o
 .text.DMA_GetITStatus
                0x00000000       0xc0 ..\obj\stm32f4xx_dma.o
 .text.DMA_ClearITPendingBit
                0x00000000       0x60 ..\obj\stm32f4xx_dma.o
 .debug_info    0x00000000      0x7af ..\obj\stm32f4xx_dma.o
 .debug_abbrev  0x00000000      0x157 ..\obj\stm32f4xx_dma.o
 .debug_loc     0x00000000      0x428 ..\obj\stm32f4xx_dma.o
 .debug_aranges
                0x00000000       0xb0 ..\obj\stm32f4xx_dma.o
 .debug_ranges  0x00000000       0xa0 ..\obj\stm32f4xx_dma.o
 .debug_line    0x00000000      0x3b7 ..\obj\stm32f4xx_dma.o
 .debug_str     0x00000000      0x4f2 ..\obj\stm32f4xx_dma.o
 .comment       0x00000000       0x71 ..\obj\stm32f4xx_dma.o
 .ARM.attributes
                0x00000000       0x33 ..\obj\stm32f4xx_dma.o
 .debug_frame   0x00000000      0x224 ..\obj\stm32f4xx_dma.o
 .text          0x00000000        0x0 ..\obj\ff.o
 .data          0x00000000        0x0 ..\obj\ff.o
 .text.dir_read
                0x00000000       0xa4 ..\obj\ff.o
 .text.dir_remove
                0x00000000       0x58 ..\obj\ff.o
 .text.get_fileinfo
                0x00000000      0x150 ..\obj\ff.o
 .text.f_lseek  0x00000000      0x2e4 ..\obj\ff.o
 .text.f_opendir
                0x00000000       0xe4 ..\obj\ff.o
 .text.f_readdir
                0x00000000       0x9c ..\obj\ff.o
 .text.f_stat   0x00000000       0x78 ..\obj\ff.o
 .text.f_getfree
                0x00000000      0x1d8 ..\obj\ff.o
 .text.f_truncate
                0x00000000      0x128 ..\obj\ff.o
 .text.f_unlink
                0x00000000      0x1a4 ..\obj\ff.o
 .text.f_mkdir  0x00000000      0x364 ..\obj\ff.o
 .text.f_chmod  0x00000000       0xbc ..\obj\ff.o
 .text.f_utime  0x00000000       0xcc ..\obj\ff.o
 .text.f_rename
                0x00000000      0x254 ..\obj\ff.o
 .text          0x00000000        0x0 ..\obj\stm32f4xx_spi.o
 .data          0x00000000        0x0 ..\obj\stm32f4xx_spi.o
 .bss           0x00000000        0x0 ..\obj\stm32f4xx_spi.o
 .text.SPI_StructInit
                0x00000000       0x5c ..\obj\stm32f4xx_spi.o
 .text.I2S_StructInit
                0x00000000       0x44 ..\obj\stm32f4xx_spi.o
 .text.SPI_DataSizeConfig
                0x00000000       0x38 ..\obj\stm32f4xx_spi.o
 .text.SPI_BiDirectionalLineConfig
                0x00000000       0x40 ..\obj\stm32f4xx_spi.o
 .text.SPI_NSSInternalSoftwareConfig
                0x00000000       0x44 ..\obj\stm32f4xx_spi.o
 .text.SPI_SSOutputCmd
                0x00000000       0x40 ..\obj\stm32f4xx_spi.o
 .text.SPI_TIModeCmd
                0x00000000       0x40 ..\obj\stm32f4xx_spi.o
 .text.I2S_FullDuplexConfig
                0x00000000       0xa4 ..\obj\stm32f4xx_spi.o
 .text.SPI_I2S_ReceiveData
                0x00000000       0x1c ..\obj\stm32f4xx_spi.o
 .text.SPI_CalculateCRC
                0x00000000       0x40 ..\obj\stm32f4xx_spi.o
 .text.SPI_TransmitCRC
                0x00000000       0x24 ..\obj\stm32f4xx_spi.o
 .text.SPI_GetCRC
                0x00000000       0x34 ..\obj\stm32f4xx_spi.o
 .text.SPI_GetCRCPolynomial
                0x00000000       0x1c ..\obj\stm32f4xx_spi.o
 .text.SPI_I2S_DMACmd
                0x00000000       0x48 ..\obj\stm32f4xx_spi.o
 .text.SPI_I2S_ITConfig
                0x00000000       0x6c ..\obj\stm32f4xx_spi.o
 .text.SPI_I2S_ClearFlag
                0x00000000       0x24 ..\obj\stm32f4xx_spi.o
 .text.SPI_I2S_GetITStatus
                0x00000000       0x88 ..\obj\stm32f4xx_spi.o
 .text.SPI_I2S_ClearITPendingBit
                0x00000000       0x38 ..\obj\stm32f4xx_spi.o
 .text          0x00000000        0x0 ..\obj\stm32f4xx_i2c.o
 .data          0x00000000        0x0 ..\obj\stm32f4xx_i2c.o
 .bss           0x00000000        0x0 ..\obj\stm32f4xx_i2c.o
 .text.I2C_StructInit
                0x00000000       0x44 ..\obj\stm32f4xx_i2c.o
 .text.I2C_OwnAddress2Config
                0x00000000       0x44 ..\obj\stm32f4xx_i2c.o
 .text.I2C_DualAddressCmd
                0x00000000       0x40 ..\obj\stm32f4xx_i2c.o
 .text.I2C_GeneralCallCmd
                0x00000000       0x40 ..\obj\stm32f4xx_i2c.o
 .text.I2C_SoftwareResetCmd
                0x00000000       0x48 ..\obj\stm32f4xx_i2c.o
 .text.I2C_StretchClockCmd
                0x00000000       0x40 ..\obj\stm32f4xx_i2c.o
 .text.I2C_FastModeDutyCycleConfig
                0x00000000       0x40 ..\obj\stm32f4xx_i2c.o
 .text.I2C_NACKPositionConfig
                0x00000000       0x40 ..\obj\stm32f4xx_i2c.o
 .text.I2C_SMBusAlertConfig
                0x00000000       0x40 ..\obj\stm32f4xx_i2c.o
 .text.I2C_ARPCmd
                0x00000000       0x40 ..\obj\stm32f4xx_i2c.o
 .text.I2C_TransmitPEC
                0x00000000       0x40 ..\obj\stm32f4xx_i2c.o
 .text.I2C_PECPositionConfig
                0x00000000       0x40 ..\obj\stm32f4xx_i2c.o
 .text.I2C_CalculatePEC
                0x00000000       0x40 ..\obj\stm32f4xx_i2c.o
 .text.I2C_GetPEC
                0x00000000       0x24 ..\obj\stm32f4xx_i2c.o
 .text.I2C_DMACmd
                0x00000000       0x40 ..\obj\stm32f4xx_i2c.o
 .text.I2C_DMALastTransferCmd
                0x00000000       0x40 ..\obj\stm32f4xx_i2c.o
 .text.I2C_ReadRegister
                0x00000000       0x30 ..\obj\stm32f4xx_i2c.o
 .text.I2C_ITConfig
                0x00000000       0x48 ..\obj\stm32f4xx_i2c.o
 .text.I2C_GetLastEvent
                0x00000000       0x4c ..\obj\stm32f4xx_i2c.o
 .text.I2C_ClearFlag
                0x00000000       0x30 ..\obj\stm32f4xx_i2c.o
 .text.I2C_GetITStatus
                0x00000000       0x64 ..\obj\stm32f4xx_i2c.o
 .text.I2C_ClearITPendingBit
                0x00000000       0x30 ..\obj\stm32f4xx_i2c.o
 .text          0x00000000        0x0 ..\obj\stm32f4xx_exti.o
 .data          0x00000000        0x0 ..\obj\stm32f4xx_exti.o
 .bss           0x00000000        0x0 ..\obj\stm32f4xx_exti.o
 .text.EXTI_DeInit
                0x00000000       0x54 ..\obj\stm32f4xx_exti.o
 .text.EXTI_StructInit
                0x00000000       0x34 ..\obj\stm32f4xx_exti.o
 .text.EXTI_GenerateSWInterrupt
                0x00000000       0x2c ..\obj\stm32f4xx_exti.o
 .text.EXTI_GetFlagStatus
                0x00000000       0x3c ..\obj\stm32f4xx_exti.o
 .text.EXTI_ClearFlag
                0x00000000       0x20 ..\obj\stm32f4xx_exti.o
 .text          0x00000000        0x0 ..\obj\misc.o
 .data          0x00000000        0x0 ..\obj\misc.o
 .bss           0x00000000        0x0 ..\obj\misc.o
 .text.NVIC_SetVectorTable
                0x00000000       0x2c ..\obj\misc.o
 .text.NVIC_SystemLPConfig
                0x00000000       0x54 ..\obj\misc.o
 .text.SysTick_CLKSourceConfig
                0x00000000       0x4c ..\obj\misc.o
 .text          0x00000000        0x0 ..\obj\stm32f4xx_tim.o
 .data          0x00000000        0x0 ..\obj\stm32f4xx_tim.o
 .bss           0x00000000        0x0 ..\obj\stm32f4xx_tim.o
 .text.TIM_DeInit
                0x00000000      0x238 ..\obj\stm32f4xx_tim.o
 .text.TIM_TimeBaseStructInit
                0x00000000       0x3c ..\obj\stm32f4xx_tim.o
 .text.TIM_PrescalerConfig
                0x00000000       0x28 ..\obj\stm32f4xx_tim.o
 .text.TIM_CounterModeConfig
                0x00000000       0x38 ..\obj\stm32f4xx_tim.o
 .text.TIM_SetCounter
                0x00000000       0x1c ..\obj\stm32f4xx_tim.o
 .text.TIM_SetAutoreload
                0x00000000       0x1c ..\obj\stm32f4xx_tim.o
 .text.TIM_GetCounter
                0x00000000       0x18 ..\obj\stm32f4xx_tim.o
 .text.TIM_GetPrescaler
                0x00000000       0x1c ..\obj\stm32f4xx_tim.o
 .text.TIM_UpdateDisableConfig
                0x00000000       0x40 ..\obj\stm32f4xx_tim.o
 .text.TIM_UpdateRequestConfig
                0x00000000       0x40 ..\obj\stm32f4xx_tim.o
 .text.TIM_ARRPreloadConfig
                0x00000000       0x40 ..\obj\stm32f4xx_tim.o
 .text.TIM_SelectOnePulseMode
                0x00000000       0x38 ..\obj\stm32f4xx_tim.o
 .text.TIM_SetClockDivision
                0x00000000       0x38 ..\obj\stm32f4xx_tim.o
 .text.TIM_OC1Init
                0x00000000       0xfc ..\obj\stm32f4xx_tim.o
 .text.TIM_OC2Init
                0x00000000      0x128 ..\obj\stm32f4xx_tim.o
 .text.TIM_OC3Init
                0x00000000      0x120 ..\obj\stm32f4xx_tim.o
 .text.TIM_OC4Init
                0x00000000       0xe0 ..\obj\stm32f4xx_tim.o
 .text.TIM_OCStructInit
                0x00000000       0x54 ..\obj\stm32f4xx_tim.o
 .text.TIM_SelectOCxM
                0x00000000       0xc0 ..\obj\stm32f4xx_tim.o
 .text.TIM_SetCompare1
                0x00000000       0x1c ..\obj\stm32f4xx_tim.o
 .text.TIM_SetCompare2
                0x00000000       0x1c ..\obj\stm32f4xx_tim.o
 .text.TIM_SetCompare3
                0x00000000       0x1c ..\obj\stm32f4xx_tim.o
 .text.TIM_SetCompare4
                0x00000000       0x1c ..\obj\stm32f4xx_tim.o
 .text.TIM_ForcedOC1Config
                0x00000000       0x38 ..\obj\stm32f4xx_tim.o
 .text.TIM_ForcedOC2Config
                0x00000000       0x40 ..\obj\stm32f4xx_tim.o
 .text.TIM_ForcedOC3Config
                0x00000000       0x38 ..\obj\stm32f4xx_tim.o
 .text.TIM_ForcedOC4Config
                0x00000000       0x40 ..\obj\stm32f4xx_tim.o
 .text.TIM_OC1PreloadConfig
                0x00000000       0x38 ..\obj\stm32f4xx_tim.o
 .text.TIM_OC2PreloadConfig
                0x00000000       0x40 ..\obj\stm32f4xx_tim.o
 .text.TIM_OC3PreloadConfig
                0x00000000       0x38 ..\obj\stm32f4xx_tim.o
 .text.TIM_OC4PreloadConfig
                0x00000000       0x40 ..\obj\stm32f4xx_tim.o
 .text.TIM_OC1FastConfig
                0x00000000       0x38 ..\obj\stm32f4xx_tim.o
 .text.TIM_OC2FastConfig
                0x00000000       0x40 ..\obj\stm32f4xx_tim.o
 .text.TIM_OC3FastConfig
                0x00000000       0x38 ..\obj\stm32f4xx_tim.o
 .text.TIM_OC4FastConfig
                0x00000000       0x40 ..\obj\stm32f4xx_tim.o
 .text.TIM_ClearOC1Ref
                0x00000000       0x38 ..\obj\stm32f4xx_tim.o
 .text.TIM_ClearOC2Ref
                0x00000000       0x44 ..\obj\stm32f4xx_tim.o
 .text.TIM_ClearOC3Ref
                0x00000000       0x38 ..\obj\stm32f4xx_tim.o
 .text.TIM_ClearOC4Ref
                0x00000000       0x44 ..\obj\stm32f4xx_tim.o
 .text.TIM_OC1PolarityConfig
                0x00000000       0x38 ..\obj\stm32f4xx_tim.o
 .text.TIM_OC1NPolarityConfig
                0x00000000       0x38 ..\obj\stm32f4xx_tim.o
 .text.TIM_OC2PolarityConfig
                0x00000000       0x40 ..\obj\stm32f4xx_tim.o
 .text.TIM_OC2NPolarityConfig
                0x00000000       0x40 ..\obj\stm32f4xx_tim.o
 .text.TIM_OC3PolarityConfig
                0x00000000       0x40 ..\obj\stm32f4xx_tim.o
 .text.TIM_OC3NPolarityConfig
                0x00000000       0x40 ..\obj\stm32f4xx_tim.o
 .text.TIM_OC4PolarityConfig
                0x00000000       0x40 ..\obj\stm32f4xx_tim.o
 .text.TIM_CCxCmd
                0x00000000       0x5c ..\obj\stm32f4xx_tim.o
 .text.TIM_CCxNCmd
                0x00000000       0x5c ..\obj\stm32f4xx_tim.o
 .text.TIM_ICInit
                0x00000000       0xa8 ..\obj\stm32f4xx_tim.o
 .text.TIM_ICStructInit
                0x00000000       0x3c ..\obj\stm32f4xx_tim.o
 .text.TIM_PWMIConfig
                0x00000000       0xc4 ..\obj\stm32f4xx_tim.o
 .text.TIM_GetCapture1
                0x00000000       0x18 ..\obj\stm32f4xx_tim.o
 .text.TIM_GetCapture2
                0x00000000       0x18 ..\obj\stm32f4xx_tim.o
 .text.TIM_GetCapture3
                0x00000000       0x18 ..\obj\stm32f4xx_tim.o
 .text.TIM_GetCapture4
                0x00000000       0x18 ..\obj\stm32f4xx_tim.o
 .text.TIM_SetIC1Prescaler
                0x00000000       0x38 ..\obj\stm32f4xx_tim.o
 .text.TIM_SetIC2Prescaler
                0x00000000       0x3c ..\obj\stm32f4xx_tim.o
 .text.TIM_SetIC3Prescaler
                0x00000000       0x38 ..\obj\stm32f4xx_tim.o
 .text.TIM_SetIC4Prescaler
                0x00000000       0x3c ..\obj\stm32f4xx_tim.o
 .text.TIM_BDTRConfig
                0x00000000       0x50 ..\obj\stm32f4xx_tim.o
 .text.TIM_BDTRStructInit
                0x00000000       0x4c ..\obj\stm32f4xx_tim.o
 .text.TIM_CtrlPWMOutputs
                0x00000000       0x50 ..\obj\stm32f4xx_tim.o
 .text.TIM_SelectCOM
                0x00000000       0x40 ..\obj\stm32f4xx_tim.o
 .text.TIM_CCPreloadControl
                0x00000000       0x40 ..\obj\stm32f4xx_tim.o
 .text.TIM_GenerateEvent
                0x00000000       0x1c ..\obj\stm32f4xx_tim.o
 .text.TIM_GetFlagStatus
                0x00000000       0x40 ..\obj\stm32f4xx_tim.o
 .text.TIM_ClearFlag
                0x00000000       0x24 ..\obj\stm32f4xx_tim.o
 .text.TIM_DMAConfig
                0x00000000       0x28 ..\obj\stm32f4xx_tim.o
 .text.TIM_DMACmd
                0x00000000       0x48 ..\obj\stm32f4xx_tim.o
 .text.TIM_SelectCCDMA
                0x00000000       0x40 ..\obj\stm32f4xx_tim.o
 .text.TIM_InternalClockConfig
                0x00000000       0x24 ..\obj\stm32f4xx_tim.o
 .text.TIM_ITRxExternalClockConfig
                0x00000000       0x30 ..\obj\stm32f4xx_tim.o
 .text.TIM_TIxExternalClockConfig
                0x00000000       0x58 ..\obj\stm32f4xx_tim.o
 .text.TIM_ETRClockMode1Config
                0x00000000       0x54 ..\obj\stm32f4xx_tim.o
 .text.TIM_ETRClockMode2Config
                0x00000000       0x34 ..\obj\stm32f4xx_tim.o
 .text.TIM_SelectInputTrigger
                0x00000000       0x38 ..\obj\stm32f4xx_tim.o
 .text.TIM_SelectOutputTrigger
                0x00000000       0x38 ..\obj\stm32f4xx_tim.o
 .text.TIM_SelectSlaveMode
                0x00000000       0x38 ..\obj\stm32f4xx_tim.o
 .text.TIM_SelectMasterSlaveMode
                0x00000000       0x38 ..\obj\stm32f4xx_tim.o
 .text.TIM_ETRConfig
                0x00000000       0x4c ..\obj\stm32f4xx_tim.o
 .text.TIM_EncoderInterfaceConfig
                0x00000000       0x94 ..\obj\stm32f4xx_tim.o
 .text.TIM_SelectHallSensor
                0x00000000       0x40 ..\obj\stm32f4xx_tim.o
 .text.TIM_RemapConfig
                0x00000000       0x20 ..\obj\stm32f4xx_tim.o
 .text.TI1_Config
                0x00000000       0x80 ..\obj\stm32f4xx_tim.o
 .text.TI2_Config
                0x00000000       0x9c ..\obj\stm32f4xx_tim.o
 .text.TI3_Config
                0x00000000       0x8c ..\obj\stm32f4xx_tim.o
 .text.TI4_Config
                0x00000000       0xa4 ..\obj\stm32f4xx_tim.o

Memory Configuration

Name             Origin             Length             Attributes
rom              0x08000000         0x00100000         xr
ram              0x20000000         0x00020000         xrw
ram1             0x10000000         0x00010000         xrw
*default*        0x00000000         0xffffffff

Linker script and memory map

                0x20020000                _eram = 0x20020000

.text           0x08000000     0x6620
 *(.isr_vector)
 .isr_vector    0x08000000      0x188 ..\obj\startup_stm32f4xx.o
                0x08000000                g_pfnVectors
 *(.text*)
 .text.__Default_Handler
                0x08000188       0x10 ..\obj\vectors.o
                0x08000188                HASH_RNG_IRQHandler
                0x08000188                EXTI2_IRQHandler
                0x08000188                TIM8_CC_IRQHandler
                0x08000188                DebugMon_Handler
                0x08000188                TIM1_CC_IRQHandler
                0x08000188                DMA2_Stream5_IRQHandler
                0x08000188                HardFault_Handler
                0x08000188                DMA1_Stream5_IRQHandler
                0x08000188                SysTick_Handler
                0x08000188                PVD_IRQHandler
                0x08000188                SDIO_IRQHandler
                0x08000188                __Reserved_0x1C_Handler
                0x08000188                PendSV_Handler
                0x08000188                NMI_Handler
                0x08000188                CAN2_RX1_IRQHandler
                0x08000188                EXTI3_IRQHandler
                0x08000188                TIM8_TRG_COM_TIM14_IRQHandler
                0x08000188                TIM1_UP_TIM10_IRQHandler
                0x08000188                TIM8_UP_TIM13_IRQHandler
                0x08000188                I2C3_ER_IRQHandler
                0x08000188                __Reserved_0x20_Handler
                0x08000188                I2C2_EV_IRQHandler
                0x08000188                DMA1_Stream2_IRQHandler
                0x08000188                CAN1_RX0_IRQHandler
                0x08000188                FPU_IRQHandler
                0x08000188                OTG_HS_WKUP_IRQHandler
                0x08000188                UsageFault_Handler
                0x08000188                CAN2_SCE_IRQHandler
                0x08000188                DMA2_Stream2_IRQHandler
                0x08000188                SPI1_IRQHandler
                0x08000188                USART5_IRQHandler
                0x08000188                TAMPER_IRQHandler
                0x08000188                TIM6_DAC_IRQHandler
                0x08000188                TIM1_BRK_TIM9_IRQHandler
                0x08000188                DCMI_IRQHandler
                0x08000188                CAN2_RX0_IRQHandler
                0x08000188                DMA2_Stream3_IRQHandler
                0x08000188                USART6_IRQHandler
                0x08000188                USART3_IRQHandler
                0x08000188                CRYP_IRQHandler
                0x08000188                RTC_IRQHandler
                0x08000188                CAN1_RX1_IRQHandler
                0x08000188                DMA2_Stream0_IRQHandler
                0x08000188                TIM4_IRQHandler
                0x08000188                __Reserved_0x34_Handler
                0x08000188                I2C1_EV_IRQHandler
                0x08000188                DMA1_Stream6_IRQHandler
                0x08000188                USART4_IRQHandler
                0x08000188                DMA1_Stream1_IRQHandler
                0x08000188                TIM3_IRQHandler
                0x08000188                RCC_IRQHandler
                0x08000188                TIM8_BRK_TIM12_IRQHandler
                0x08000188                EXTI15_10_IRQHandler
                0x08000188                ADC_IRQHandler
                0x08000188                DMA1_Stream7_IRQHandler
                0x08000188                TIM7_IRQHandler
                0x08000188                CAN2_TX_IRQHandler
                0x08000188                DMA2_Stream7_IRQHandler
                0x08000188                I2C3_EV_IRQHandler
                0x08000188                __Reserved_0x28_Handler
                0x08000188                EXTI9_5_IRQHandler
                0x08000188                ETH_WKUP_IRQHandler
                0x08000188                SPI2_IRQHandler
                0x08000188                OTG_HS_EP1_IN_IRQHandler
                0x08000188                MemManage_Handler
                0x08000188                DMA1_Stream0_IRQHandler
                0x08000188                __Reserved_0x24_Handler
                0x08000188                CAN1_TX_IRQHandler
                0x08000188                SVC_Handler
                0x08000188                EXTI4_IRQHandler
                0x08000188                FSMC_IRQHandler
                0x08000188                ETH_IRQHandler
                0x08000188                OTG_HS_EP1_OUT_IRQHandler
                0x08000188                WWDG_IRQHandler
                0x08000188                OTG_FS_WKUP_IRQHandler
                0x08000188                TIM1_TRG_COM_TIM11_IRQHandler
                0x08000188                OTG_HS_IRQHandler
                0x08000188                EXTI1_IRQHandler
                0x08000188                RTCAlarm_IRQHandler
                0x08000188                USART2_IRQHandler
                0x08000188                I2C2_ER_IRQHandler
                0x08000188                DMA2_Stream1_IRQHandler
                0x08000188                CAN1_SCE_IRQHandler
                0x08000188                FLASH_IRQHandler
                0x08000188                DMA2_Stream4_IRQHandler
                0x08000188                BusFault_Handler
                0x08000188                USART1_IRQHandler
                0x08000188                OTG_FS_IRQHandler
                0x08000188                SPI3_IRQHandler
                0x08000188                DMA1_Stream4_IRQHandler
                0x08000188                I2C1_ER_IRQHandler
                0x08000188                DMA2_Stream6_IRQHandler
                0x08000188                DMA1_Stream3_IRQHandler
 .text.SYSCFG_EXTILineConfig
                0x08000198       0xb0 ..\obj\stm32f4xx_syscfg.o
                0x08000198                SYSCFG_EXTILineConfig
 .text.Default_Reset_Handler
                0x08000248       0x6c ..\obj\startup_stm32f4xx.o
                0x08000248                Default_Reset_Handler
                0x08000248                Reset_Handler
 .text.Default_Handler
                0x080002b4        0x8 ..\obj\startup_stm32f4xx.o
                0x080002b4                TAMP_STAMP_IRQHandler
                0x080002b4                UART5_IRQHandler
                0x080002b4                UART4_IRQHandler
                0x080002b4                RTC_WKUP_IRQHandler
                0x080002b4                RTC_Alarm_IRQHandler
 .text.IniTimer
                0x080002bc       0x98 ..\obj\main.o
                0x080002bc                IniTimer
 .text.wyslij_dziwek
                0x08000354       0x4c ..\obj\main.o
                0x08000354                wyslij_dziwek
 .text.TIM2_IRQHandler
                0x080003a0       0x98 ..\obj\main.o
                0x080003a0                TIM2_IRQHandler
 .text.ini_adc  0x08000438       0xf0 ..\obj\main.o
                0x08000438                ini_adc
 .text.main     0x08000528       0x3c ..\obj\main.o
                0x08000528                main
 .text.RCC_PLLI2SCmd
                0x08000564       0x20 ..\obj\stm32f4xx_rcc.o
                0x08000564                RCC_PLLI2SCmd
 .text.RCC_GetClocksFreq
                0x08000584      0x1cc ..\obj\stm32f4xx_rcc.o
                0x08000584                RCC_GetClocksFreq
 .text.RCC_AHB1PeriphClockCmd
                0x08000750       0x54 ..\obj\stm32f4xx_rcc.o
                0x08000750                RCC_AHB1PeriphClockCmd
 .text.RCC_APB1PeriphClockCmd
                0x080007a4       0x54 ..\obj\stm32f4xx_rcc.o
                0x080007a4                RCC_APB1PeriphClockCmd
 .text.RCC_APB2PeriphClockCmd
                0x080007f8       0x54 ..\obj\stm32f4xx_rcc.o
                0x080007f8                RCC_APB2PeriphClockCmd
 .text.RCC_APB1PeriphResetCmd
                0x0800084c       0x54 ..\obj\stm32f4xx_rcc.o
                0x0800084c                RCC_APB1PeriphResetCmd
 .text.RCC_APB2PeriphResetCmd
                0x080008a0       0x54 ..\obj\stm32f4xx_rcc.o
                0x080008a0                RCC_APB2PeriphResetCmd
 .text.codec_init
                0x080008f4      0x210 ..\obj\codec.o
                0x080008f4                codec_init
 .text.codec_ctrl_init
                0x08000b04      0x1ec ..\obj\codec.o
                0x08000b04                codec_ctrl_init
 .text.send_codec_ctrl
                0x08000cf0      0x100 ..\obj\codec.o
                0x08000cf0                send_codec_ctrl
 .text.read_codec_register
                0x08000df0      0x18c ..\obj\codec.o
                0x08000df0                read_codec_register
 .text.Codec_VolumeCtrl
                0x08000f7c       0x64 ..\obj\codec.o
                0x08000f7c                Codec_VolumeCtrl
 .text.Codec_WriteRegister
                0x08000fe0      0x214 ..\obj\codec.o
                0x08000fe0                Codec_WriteRegister
 .text.Codec_TIMEOUT_UserCallback
                0x080011f4        0x8 ..\obj\codec.o
                0x080011f4                Codec_TIMEOUT_UserCallback
 .text.dioda_ok
                0x080011fc       0x34 ..\obj\karta_sd.o
                0x080011fc                dioda_ok
 .text.rcvr_spi
                0x08001230       0x64 ..\obj\karta_sd.o
 .text.wait_ready
                0x08001294       0x44 ..\obj\karta_sd.o
 .text.xmit_spi
                0x080012d8       0x5c ..\obj\karta_sd.o
 .text.send_cmd
                0x08001334       0xb8 ..\obj\karta_sd.o
 .text.ini_spi  0x080013ec      0x158 ..\obj\karta_sd.o
                0x080013ec                ini_spi
 .text.ini_karta_sd
                0x08001544       0xbc ..\obj\karta_sd.o
                0x08001544                ini_karta_sd
 .text.start_sd
                0x08001600       0x14 ..\obj\karta_sd.o
                0x08001600                start_sd
 .text.plik_wav
                0x08001614      0x54c ..\obj\karta_sd.o
                0x08001614                plik_wav
 .text.intToStr
                0x08001b60      0x1a4 ..\obj\karta_sd.o
                0x08001b60                intToStr
 .text.ADC_Init
                0x08001d04       0xb8 ..\obj\stm32f4xx_adc.o
                0x08001d04                ADC_Init
 .text.ADC_Cmd  0x08001dbc       0x38 ..\obj\stm32f4xx_adc.o
                0x08001dbc                ADC_Cmd
 .text.ADC_RegularChannelConfig
                0x08001df4      0x1bc ..\obj\stm32f4xx_adc.o
                0x08001df4                ADC_RegularChannelConfig
 .text.ADC_SoftwareStartConv
                0x08001fb0       0x20 ..\obj\stm32f4xx_adc.o
                0x08001fb0                ADC_SoftwareStartConv
 .text.ADC_GetConversionValue
                0x08001fd0       0x1c ..\obj\stm32f4xx_adc.o
                0x08001fd0                ADC_GetConversionValue
 .text.ADC_GetFlagStatus
                0x08001fec       0x3c ..\obj\stm32f4xx_adc.o
                0x08001fec                ADC_GetFlagStatus
 .text.dioda    0x08002028      0x138 ..\obj\diody.o
                0x08002028                dioda
 .text.dioda_sygnal
                0x08002160       0xec ..\obj\diody.o
                0x08002160                dioda_sygnal
 .text.przycisk_start
                0x0800224c       0x10 ..\obj\przycisk.o
                0x0800224c                przycisk_start
 .text.IniPrzycisku
                0x0800225c       0x98 ..\obj\przycisk.o
                0x0800225c                IniPrzycisku
 .text.IniTimerPrzerwanie2
                0x080022f4       0x98 ..\obj\przycisk.o
                0x080022f4                IniTimerPrzerwanie2
 .text.EXTI0_IRQHandler
                0x0800238c       0x2c ..\obj\przycisk.o
                0x0800238c                EXTI0_IRQHandler
 .text.TIM5_IRQHandler
                0x080023b8       0x68 ..\obj\przycisk.o
                0x080023b8                TIM5_IRQHandler
 .text.SELECT   0x08002420       0x28 ..\obj\spi_sd.o
 .text.DESELECT
                0x08002448       0x28 ..\obj\spi_sd.o
 .text.xmit_spi
                0x08002470       0x38 ..\obj\spi_sd.o
 .text.rcvr_spi
                0x080024a8       0x64 ..\obj\spi_sd.o
 .text.rcvr_spi_m
                0x0800250c       0x1c ..\obj\spi_sd.o
 .text.wait_ready
                0x08002528       0x44 ..\obj\spi_sd.o
 .text.power_on
                0x0800256c       0x40 ..\obj\spi_sd.o
 .text.power_off
                0x080025ac       0x18 ..\obj\spi_sd.o
 .text.chk_power
                0x080025c4       0x18 ..\obj\spi_sd.o
 .text.rcvr_datablock
                0x080025dc       0x88 ..\obj\spi_sd.o
 .text.xmit_datablock
                0x08002664       0xc0 ..\obj\spi_sd.o
 .text.send_cmd
                0x08002724       0xb8 ..\obj\spi_sd.o
 .text.disk_initialize
                0x080027dc      0x24c ..\obj\spi_sd.o
                0x080027dc                disk_initialize
 .text.disk_status
                0x08002a28       0x30 ..\obj\spi_sd.o
                0x08002a28                disk_status
 .text.disk_read
                0x08002a58       0xec ..\obj\spi_sd.o
                0x08002a58                disk_read
 .text.disk_write
                0x08002b44      0x13c ..\obj\spi_sd.o
                0x08002b44                disk_write
 .text.disk_ioctl
                0x08002c80      0x2b8 ..\obj\spi_sd.o
                0x08002c80                disk_ioctl
 .text.get_fattime
                0x08002f38       0x14 ..\obj\spi_sd.o
                0x08002f38                get_fattime
 .text.GPIO_Init
                0x08002f4c      0x144 ..\obj\stm32f4xx_gpio.o
                0x08002f4c                GPIO_Init
 .text.GPIO_StructInit
                0x08003090       0x3c ..\obj\stm32f4xx_gpio.o
                0x08003090                GPIO_StructInit
 .text.GPIO_ReadInputDataBit
                0x080030cc       0x3c ..\obj\stm32f4xx_gpio.o
                0x080030cc                GPIO_ReadInputDataBit
 .text.GPIO_SetBits
                0x08003108       0x1c ..\obj\stm32f4xx_gpio.o
                0x08003108                GPIO_SetBits
 .text.GPIO_ResetBits
                0x08003124       0x1c ..\obj\stm32f4xx_gpio.o
                0x08003124                GPIO_ResetBits
 .text.GPIO_ToggleBits
                0x08003140       0x24 ..\obj\stm32f4xx_gpio.o
                0x08003140                GPIO_ToggleBits
 .text.GPIO_PinAFConfig
                0x08003164       0xa8 ..\obj\stm32f4xx_gpio.o
                0x08003164                GPIO_PinAFConfig
 .text.SystemInit
                0x0800320c       0x94 ..\obj\system_stm32f4xx.o
                0x0800320c                SystemInit
 .text.SetSysClock
                0x080032a0      0x188 ..\obj\system_stm32f4xx.o
 .text.mem_cpy  0x08003428       0x50 ..\obj\ff.o
 .text.mem_set  0x08003478       0x44 ..\obj\ff.o
 .text.mem_cmp  0x080034bc       0x70 ..\obj\ff.o
 .text.chk_chr  0x0800352c       0x38 ..\obj\ff.o
 .text.move_window
                0x08003564       0xd4 ..\obj\ff.o
 .text.sync     0x08003638      0x180 ..\obj\ff.o
 .text.clust2sect
                0x080037b8       0x44 ..\obj\ff.o
                0x080037b8                clust2sect
 .text.get_fat  0x080037fc      0x19c ..\obj\ff.o
                0x080037fc                get_fat
 .text.put_fat  0x08003998      0x254 ..\obj\ff.o
                0x08003998                put_fat
 .text.remove_chain
                0x08003bec       0xb0 ..\obj\ff.o
 .text.create_chain
                0x08003c9c      0x12c ..\obj\ff.o
 .text.dir_sdi  0x08003dc8      0x118 ..\obj\ff.o
 .text.dir_next
                0x08003ee0      0x1dc ..\obj\ff.o
 .text.dir_find
                0x080040bc       0xa4 ..\obj\ff.o
 .text.dir_register
                0x08004160       0xbc ..\obj\ff.o
 .text.create_name
                0x0800421c      0x19c ..\obj\ff.o
 .text.follow_path
                0x080043b8      0x114 ..\obj\ff.o
 .text.check_fs
                0x080044cc       0xe8 ..\obj\ff.o
 .text.chk_mounted
                0x080045b4      0x5d0 ..\obj\ff.o
 .text.validate
                0x08004b84       0x54 ..\obj\ff.o
 .text.f_mount  0x08004bd8       0x64 ..\obj\ff.o
                0x08004bd8                f_mount
 .text.f_open   0x08004c3c      0x350 ..\obj\ff.o
                0x08004c3c                f_open
 .text.f_read   0x08004f8c      0x2f8 ..\obj\ff.o
                0x08004f8c                f_read
 .text.f_write  0x08005284      0x354 ..\obj\ff.o
                0x08005284                f_write
 .text.f_sync   0x080055d8      0x1c0 ..\obj\ff.o
                0x080055d8                f_sync
 .text.f_close  0x08005798       0x2c ..\obj\ff.o
                0x08005798                f_close
 .text.SPI_I2S_DeInit
                0x080057c4       0x88 ..\obj\stm32f4xx_spi.o
                0x080057c4                SPI_I2S_DeInit
 .text.SPI_Init
                0x0800584c       0x88 ..\obj\stm32f4xx_spi.o
                0x0800584c                SPI_Init
 .text.I2S_Init
                0x080058d4      0x214 ..\obj\stm32f4xx_spi.o
                0x080058d4                I2S_Init
 .text.SPI_Cmd  0x08005ae8       0x40 ..\obj\stm32f4xx_spi.o
                0x08005ae8                SPI_Cmd
 .text.I2S_Cmd  0x08005b28       0x40 ..\obj\stm32f4xx_spi.o
                0x08005b28                I2S_Cmd
 .text.SPI_I2S_SendData
                0x08005b68       0x1c ..\obj\stm32f4xx_spi.o
                0x08005b68                SPI_I2S_SendData
 .text.SPI_I2S_GetFlagStatus
                0x08005b84       0x40 ..\obj\stm32f4xx_spi.o
                0x08005b84                SPI_I2S_GetFlagStatus
 .text.I2C_DeInit
                0x08005bc4       0x88 ..\obj\stm32f4xx_i2c.o
                0x08005bc4                I2C_DeInit
 .text.I2C_Init
                0x08005c4c      0x1ac ..\obj\stm32f4xx_i2c.o
                0x08005c4c                I2C_Init
 .text.I2C_Cmd  0x08005df8       0x40 ..\obj\stm32f4xx_i2c.o
                0x08005df8                I2C_Cmd
 .text.I2C_GenerateSTART
                0x08005e38       0x40 ..\obj\stm32f4xx_i2c.o
                0x08005e38                I2C_GenerateSTART
 .text.I2C_GenerateSTOP
                0x08005e78       0x40 ..\obj\stm32f4xx_i2c.o
                0x08005e78                I2C_GenerateSTOP
 .text.I2C_Send7bitAddress
                0x08005eb8       0x3c ..\obj\stm32f4xx_i2c.o
                0x08005eb8                I2C_Send7bitAddress
 .text.I2C_AcknowledgeConfig
                0x08005ef4       0x40 ..\obj\stm32f4xx_i2c.o
                0x08005ef4                I2C_AcknowledgeConfig
 .text.I2C_SendData
                0x08005f34       0x20 ..\obj\stm32f4xx_i2c.o
                0x08005f34                I2C_SendData
 .text.I2C_ReceiveData
                0x08005f54       0x1c ..\obj\stm32f4xx_i2c.o
                0x08005f54                I2C_ReceiveData
 .text.I2C_CheckEvent
                0x08005f70       0x70 ..\obj\stm32f4xx_i2c.o
                0x08005f70                I2C_CheckEvent
 .text.I2C_GetFlagStatus
                0x08005fe0       0x78 ..\obj\stm32f4xx_i2c.o
                0x08005fe0                I2C_GetFlagStatus
 .text.EXTI_Init
                0x08006058      0x138 ..\obj\stm32f4xx_exti.o
                0x08006058                EXTI_Init
 .text.EXTI_GetITStatus
                0x08006190       0x58 ..\obj\stm32f4xx_exti.o
                0x08006190                EXTI_GetITStatus
 .text.EXTI_ClearITPendingBit
                0x080061e8       0x20 ..\obj\stm32f4xx_exti.o
                0x080061e8                EXTI_ClearITPendingBit
 .text.NVIC_PriorityGroupConfig
                0x08006208       0x28 ..\obj\misc.o
                0x08006208                NVIC_PriorityGroupConfig
 .text.NVIC_Init
                0x08006230       0xe4 ..\obj\misc.o
                0x08006230                NVIC_Init
 .text.TIM_TimeBaseInit
                0x08006314       0xf4 ..\obj\stm32f4xx_tim.o
                0x08006314                TIM_TimeBaseInit
 .text.TIM_Cmd  0x08006408       0x40 ..\obj\stm32f4xx_tim.o
                0x08006408                TIM_Cmd
 .text.TIM_ITConfig
                0x08006448       0x48 ..\obj\stm32f4xx_tim.o
                0x08006448                TIM_ITConfig
 .text.TIM_GetITStatus
                0x08006490       0x60 ..\obj\stm32f4xx_tim.o
                0x08006490                TIM_GetITStatus
 .text.TIM_ClearITPendingBit
                0x080064f0       0x24 ..\obj\stm32f4xx_tim.o
                0x080064f0                TIM_ClearITPendingBit
 *(.init)
 *(.fini)
 *crtbegin.o(.ctors)
 *crtbegin?.o(.ctors)
 *(EXCLUDE_FILE(*crtend.o *crtend?.o) .ctors)
 *(SORT(.ctors.*))
 *(.ctors)
 *crtbegin.o(.dtors)
 *crtbegin?.o(.dtors)
 *(EXCLUDE_FILE(*crtend.o *crtend?.o) .dtors)
 *(SORT(.dtors.*))
 *(.dtors)
 *(.rodata*)
 .rodata        0x08006514       0x7c ..\obj\karta_sd.o
 .rodata        0x08006590       0x90 ..\obj\ff.o
 *(.eh_fram e*)

.glue_7         0x08006620        0x0
 .glue_7        0x00000000        0x0 linker stubs

.glue_7t        0x08006620        0x0
 .glue_7t       0x00000000        0x0 linker stubs

.vfp11_veneer   0x08006620        0x0
 .vfp11_veneer  0x00000000        0x0 linker stubs

.v4_bx          0x08006620        0x0
 .v4_bx         0x00000000        0x0 linker stubs

.iplt           0x08006620        0x0
 .iplt          0x00000000        0x0 ..\obj\vectors.o

.rel.dyn        0x08006620        0x0
 .rel.iplt      0x00000000        0x0 ..\obj\vectors.o

.ARM.extab
 *(.ARM.extab* .gnu.linkonce.armextab.*)
                0x08006620                __exidx_start = .

.ARM.exidx
 *(.ARM.exidx* .gnu.linkonce.armexidx.*)
                0x08006620                __exidx_end = .
                0x08006620                __etext = .
                0x08006620                _sidata = __etext

.data           0x20000000       0x18 load address 0x08006620
                0x20000000                __data_start__ = .
                0x20000000                _sdata = __data_start__
 *(vtable)
 *(.data*)
 .data          0x20000000       0x10 ..\obj\stm32f4xx_rcc.o
 .data          0x20000010        0x4 ..\obj\codec.o
                0x20000010                CODECTimeout
 .data          0x20000014        0x1 ..\obj\spi_sd.o
                0x20000018                . = ALIGN (0x4)
 *fill*         0x20000015        0x3 00
                0x20000018                PROVIDE (__preinit_array_start, .)
 *(.preinit_array)
                0x20000018                PROVIDE (__preinit_array_end, .)
                0x20000018                . = ALIGN (0x4)
                0x20000018                PROVIDE (__init_array_start, .)
 *(SORT(.init_array.*))
 *(.init_array)
                0x20000018                PROVIDE (__init_array_end, .)
                0x20000018                . = ALIGN (0x4)
                0x20000018                PROVIDE (__fini_array_start, .)
 *(SORT(.fini_array.*))
 *(.fini_array)
                0x20000018                PROVIDE (__fini_array_end, .)
 *(.jcr*)
                0x20000018                . = ALIGN (0x4)
                0x20000018                __data_end__ = .
                0x20000018                _edata = __data_end__

.igot.plt       0x20000018        0x0 load address 0x08006638
 .igot.plt      0x00000000        0x0 ..\obj\vectors.o

.bss            0x20000018    0x1ed90 load address 0x08006638
                0x20000018                . = ALIGN (0x4)
                0x20000018                __bss_start__ = .
                0x20000018                _sbss = __bss_start__
 *(.bss*)
 .bss           0x20000018        0x2 ..\obj\karta_sd.o
 .bss           0x2000001a        0x4 ..\obj\spi_sd.o
 *fill*         0x2000001e        0x2 00
 .bss           0x20000020        0x8 ..\obj\ff.o
 *(COMMON)
 COMMON         0x20000028     0x18b4 ..\obj\main.o
                0x20000028                plik2
                0x2000024c                f
                0x20000250                buffer
                0x20001250                d
                0x20001254                usta
                0x20001478                GPIO_InitStructure
                0x20001480                fresult
                0x20001484                g_sFatFs
                0x200016b4                plik
                0x200018d8                ADC_Result
 COMMON         0x200018dc    0x1d4cc ..\obj\karta_sd.o
                0x200018dc                petla
                0x200018e0                wym_tab
                0x200018e4                i
                0x200018e8                tab1
                0x2001eda8                . = ALIGN (0x4)
                0x2001eda8                __bss_end__ = .
                0x2001eda8                _ebss = __bss_end__

.heap           0x2001eda8        0x0
                0x2001eda8                __end__ = .
                0x2001eda8                _end = __end__
                0x2001eda8                end = __end__
 *(.heap*)
                0x2001eda8                __HeapLimit = .

.co_stack       0x2001eda8      0x800 load address 0x080253c8
                0x2001eda8                . = ALIGN (0x8)
 *(.co_stack .co_stack.*)
 .co_stack      0x2001eda8      0x800 ..\obj\startup_stm32f4xx.o
                0x2001eda8                pulStack
                0x20020000                __StackTop = (ORIGIN (ram) + 0x20000)
                0x2001f800                __StackLimit = (__StackTop - SIZEOF (.co_stack))
                0x20020000                PROVIDE (__stack, __StackTop)
                0x00000001                ASSERT ((__StackLimit >= __HeapLimit), region ram  overflowed with stack)
LOAD ..\obj\vectors.o
LOAD ..\obj\stm32f4xx_syscfg.o
LOAD ..\obj\delay.o
LOAD ..\obj\stm32f4xx_sdio.o
LOAD ..\obj\startup_stm32f4xx.o
LOAD ..\obj\fpu.o
LOAD ..\obj\main.o
LOAD ..\obj\stm32f4xx_rcc.o
LOAD ..\obj\codec.o
LOAD ..\obj\karta_sd.o
LOAD ..\obj\stm32f4xx_adc.o
LOAD ..\obj\diody.o
LOAD ..\obj\przycisk.o
LOAD ..\obj\spi_sd.o
LOAD ..\obj\stm32f4xx_gpio.o
LOAD ..\obj\system_stm32f4xx.o
LOAD ..\obj\stm32f4xx_dma.o
LOAD ..\obj\ff.o
LOAD ..\obj\stm32f4xx_spi.o
LOAD ..\obj\stm32f4xx_i2c.o
LOAD ..\obj\stm32f4xx_exti.o
LOAD ..\obj\misc.o
LOAD ..\obj\stm32f4xx_tim.o
START GROUP
LOAD c:/program files/gnu tools arm embedded/4.7 2013q3/bin/../lib/gcc/arm-none-eabi/4.7.4/armv7e-m\libgcc.a
LOAD c:/program files/gnu tools arm embedded/4.7 2013q3/bin/../lib/gcc/arm-none-eabi/4.7.4/../../../../arm-none-eabi/lib/armv7e-m\libg.a
LOAD c:/program files/gnu tools arm embedded/4.7 2013q3/bin/../lib/gcc/arm-none-eabi/4.7.4/../../../../arm-none-eabi/lib/armv7e-m\libc.a
END GROUP
OUTPUT(testy_i_powrorki.elf elf32-littlearm)

.debug_info     0x00000000     0xbb79
 .debug_info    0x00000000       0x8c ..\obj\vectors.o
 .debug_info    0x0000008c      0x279 ..\obj\stm32f4xx_syscfg.o
 .debug_info    0x00000305      0x103 ..\obj\startup_stm32f4xx.o
 .debug_info    0x00000408      0xf13 ..\obj\main.o
 .debug_info    0x0000131b      0xd49 ..\obj\stm32f4xx_rcc.o
 .debug_info    0x00002064      0x74c ..\obj\codec.o
 .debug_info    0x000027b0      0xbb3 ..\obj\karta_sd.o
 .debug_info    0x00003363      0xd14 ..\obj\stm32f4xx_adc.o
 .debug_info    0x00004077      0x216 ..\obj\diody.o
 .debug_info    0x0000428d      0xc84 ..\obj\przycisk.o
 .debug_info    0x00004f11      0xa04 ..\obj\spi_sd.o
 .debug_info    0x00005915      0x640 ..\obj\stm32f4xx_gpio.o
 .debug_info    0x00005f55      0x5f5 ..\obj\system_stm32f4xx.o
 .debug_info    0x0000654a     0x1724 ..\obj\ff.o
 .debug_info    0x00007c6e      0xbde ..\obj\stm32f4xx_spi.o
 .debug_info    0x0000884c      0xbab ..\obj\stm32f4xx_i2c.o
 .debug_info    0x000093f7      0x373 ..\obj\stm32f4xx_exti.o
 .debug_info    0x0000976a      0x592 ..\obj\misc.o
 .debug_info    0x00009cfc     0x1e7d ..\obj\stm32f4xx_tim.o

.debug_abbrev   0x00000000     0x1d06
 .debug_abbrev  0x00000000       0x80 ..\obj\vectors.o
 .debug_abbrev  0x00000080      0x133 ..\obj\stm32f4xx_syscfg.o
 .debug_abbrev  0x000001b3       0xb2 ..\obj\startup_stm32f4xx.o
 .debug_abbrev  0x00000265      0x1ed ..\obj\main.o
 .debug_abbrev  0x00000452      0x1e5 ..\obj\stm32f4xx_rcc.o
 .debug_abbrev  0x00000637      0x19f ..\obj\codec.o
 .debug_abbrev  0x000007d6      0x2c8 ..\obj\karta_sd.o
 .debug_abbrev  0x00000a9e      0x198 ..\obj\stm32f4xx_adc.o
 .debug_abbrev  0x00000c36       0xfc ..\obj\diody.o
 .debug_abbrev  0x00000d32      0x1a6 ..\obj\przycisk.o
 .debug_abbrev  0x00000ed8      0x261 ..\obj\spi_sd.o
 .debug_abbrev  0x00001139      0x1a5 ..\obj\stm32f4xx_gpio.o
 .debug_abbrev  0x000012de      0x138 ..\obj\system_stm32f4xx.o
 .debug_abbrev  0x00001416      0x1c8 ..\obj\ff.o
 .debug_abbrev  0x000015de      0x169 ..\obj\stm32f4xx_spi.o
 .debug_abbrev  0x00001747      0x166 ..\obj\stm32f4xx_i2c.o
 .debug_abbrev  0x000018ad      0x1a7 ..\obj\stm32f4xx_exti.o
 .debug_abbrev  0x00001a54      0x129 ..\obj\misc.o
 .debug_abbrev  0x00001b7d      0x189 ..\obj\stm32f4xx_tim.o

.debug_loc      0x00000000     0x4e68
 .debug_loc     0x00000000       0x2c ..\obj\vectors.o
 .debug_loc     0x0000002c      0x144 ..\obj\stm32f4xx_syscfg.o
 .debug_loc     0x00000170       0x64 ..\obj\startup_stm32f4xx.o
 .debug_loc     0x000001d4      0x100 ..\obj\main.o
 .debug_loc     0x000002d4      0x97c ..\obj\stm32f4xx_rcc.o
 .debug_loc     0x00000c50      0x17c ..\obj\codec.o
 .debug_loc     0x00000dcc      0x2d0 ..\obj\karta_sd.o
 .debug_loc     0x0000109c      0x838 ..\obj\stm32f4xx_adc.o
 .debug_loc     0x000018d4       0x70 ..\obj\diody.o
 .debug_loc     0x00001944       0xf4 ..\obj\przycisk.o
 .debug_loc     0x00001a38      0x418 ..\obj\spi_sd.o
 .debug_loc     0x00001e50      0x310 ..\obj\stm32f4xx_gpio.o
 .debug_loc     0x00002160       0x9c ..\obj\system_stm32f4xx.o
 .debug_loc     0x000021fc      0x8d0 ..\obj\ff.o
 .debug_loc     0x00002acc      0x578 ..\obj\stm32f4xx_spi.o
 .debug_loc     0x00003044      0x738 ..\obj\stm32f4xx_i2c.o
 .debug_loc     0x0000377c      0x1b4 ..\obj\stm32f4xx_exti.o
 .debug_loc     0x00003930      0x118 ..\obj\misc.o
 .debug_loc     0x00003a48     0x1420 ..\obj\stm32f4xx_tim.o

.debug_aranges  0x00000000      0xd20
 .debug_aranges
                0x00000000       0x20 ..\obj\vectors.o
 .debug_aranges
                0x00000020       0x48 ..\obj\stm32f4xx_syscfg.o
 .debug_aranges
                0x00000068       0x28 ..\obj\startup_stm32f4xx.o
 .debug_aranges
                0x00000090       0x40 ..\obj\main.o
 .debug_aranges
                0x000000d0      0x178 ..\obj\stm32f4xx_rcc.o
 .debug_aranges
                0x00000248       0x50 ..\obj\codec.o
 .debug_aranges
                0x00000298       0x80 ..\obj\karta_sd.o
 .debug_aranges
                0x00000318      0x148 ..\obj\stm32f4xx_adc.o
 .debug_aranges
                0x00000460       0x28 ..\obj\diody.o
 .debug_aranges
                0x00000488       0x40 ..\obj\przycisk.o
 .debug_aranges
                0x000004c8       0xb8 ..\obj\spi_sd.o
 .debug_aranges
                0x00000580       0x88 ..\obj\stm32f4xx_gpio.o
 .debug_aranges
                0x00000608       0x30 ..\obj\system_stm32f4xx.o
 .debug_aranges
                0x00000638      0x158 ..\obj\ff.o
 .debug_aranges
                0x00000790       0xe0 ..\obj\stm32f4xx_spi.o
 .debug_aranges
                0x00000870      0x120 ..\obj\stm32f4xx_i2c.o
 .debug_aranges
                0x00000990       0x58 ..\obj\stm32f4xx_exti.o
 .debug_aranges
                0x000009e8       0x40 ..\obj\misc.o
 .debug_aranges
                0x00000a28      0x2f8 ..\obj\stm32f4xx_tim.o

.debug_ranges   0x00000000      0xbf0
 .debug_ranges  0x00000000       0x10 ..\obj\vectors.o
 .debug_ranges  0x00000010       0x38 ..\obj\stm32f4xx_syscfg.o
 .debug_ranges  0x00000048       0x18 ..\obj\startup_stm32f4xx.o
 .debug_ranges  0x00000060       0x30 ..\obj\main.o
 .debug_ranges  0x00000090      0x168 ..\obj\stm32f4xx_rcc.o
 .debug_ranges  0x000001f8       0x40 ..\obj\codec.o
 .debug_ranges  0x00000238       0x70 ..\obj\karta_sd.o
 .debug_ranges  0x000002a8      0x138 ..\obj\stm32f4xx_adc.o
 .debug_ranges  0x000003e0       0x18 ..\obj\diody.o
 .debug_ranges  0x000003f8       0x30 ..\obj\przycisk.o
 .debug_ranges  0x00000428       0xa8 ..\obj\spi_sd.o
 .debug_ranges  0x000004d0       0x78 ..\obj\stm32f4xx_gpio.o
 .debug_ranges  0x00000548       0x20 ..\obj\system_stm32f4xx.o
 .debug_ranges  0x00000568      0x148 ..\obj\ff.o
 .debug_ranges  0x000006b0       0xd0 ..\obj\stm32f4xx_spi.o
 .debug_ranges  0x00000780      0x110 ..\obj\stm32f4xx_i2c.o
 .debug_ranges  0x00000890       0x48 ..\obj\stm32f4xx_exti.o
 .debug_ranges  0x000008d8       0x30 ..\obj\misc.o
 .debug_ranges  0x00000908      0x2e8 ..\obj\stm32f4xx_tim.o

.debug_line     0x00000000     0x4a9a
 .debug_line    0x00000000       0x71 ..\obj\vectors.o
 .debug_line    0x00000071      0x1f0 ..\obj\stm32f4xx_syscfg.o
 .debug_line    0x00000261       0xa4 ..\obj\startup_stm32f4xx.o
 .debug_line    0x00000305      0x2dc ..\obj\main.o
 .debug_line    0x000005e1      0x576 ..\obj\stm32f4xx_rcc.o
 .debug_line    0x00000b57      0x393 ..\obj\codec.o
 .debug_line    0x00000eea      0x47a ..\obj\karta_sd.o
 .debug_line    0x00001364      0x52f ..\obj\stm32f4xx_adc.o
 .debug_line    0x00001893      0x1d5 ..\obj\diody.o
 .debug_line    0x00001a68      0x2b6 ..\obj\przycisk.o
 .debug_line    0x00001d1e      0x527 ..\obj\spi_sd.o
 .debug_line    0x00002245      0x31a ..\obj\stm32f4xx_gpio.o
 .debug_line    0x0000255f      0x1be ..\obj\system_stm32f4xx.o
 .debug_line    0x0000271d      0xba4 ..\obj\ff.o
 .debug_line    0x000032c1      0x42e ..\obj\stm32f4xx_spi.o
 .debug_line    0x000036ef      0x4b7 ..\obj\stm32f4xx_i2c.o
 .debug_line    0x00003ba6      0x280 ..\obj\stm32f4xx_exti.o
 .debug_line    0x00003e26      0x220 ..\obj\misc.o
 .debug_line    0x00004046      0xa54 ..\obj\stm32f4xx_tim.o

.debug_str      0x00000000     0x3a51
 .debug_str     0x00000000       0xba ..\obj\vectors.o
                                 0xbf (size before relaxing)
 .debug_str     0x000000ba      0x206 ..\obj\stm32f4xx_syscfg.o
                                0x2a5 (size before relaxing)
 .debug_str     0x000002c0       0xa3 ..\obj\startup_stm32f4xx.o
                                0x117 (size before relaxing)
 .debug_str     0x00000363      0xc3f ..\obj\main.o
                                0xd86 (size before relaxing)
 .debug_str     0x00000fa2      0x639 ..\obj\stm32f4xx_rcc.o
                                0x7f6 (size before relaxing)
 .debug_str     0x000015db      0x242 ..\obj\codec.o
                                0x563 (size before relaxing)
 .debug_str     0x0000181d      0x1b9 ..\obj\karta_sd.o
                                0x721 (size before relaxing)
 .debug_str     0x000019d6      0x555 ..\obj\stm32f4xx_adc.o
                                0x7aa (size before relaxing)
 .debug_str     0x00001f2b       0x5d ..\obj\diody.o
                                0x19a (size before relaxing)
 .debug_str     0x00001f88      0x167 ..\obj\przycisk.o
                                0xced (size before relaxing)
 .debug_str     0x000020ef      0x168 ..\obj\spi_sd.o
                                0x456 (size before relaxing)
 .debug_str     0x00002257      0x19b ..\obj\stm32f4xx_gpio.o
                                0x449 (size before relaxing)
 .debug_str     0x000023f2      0x11b ..\obj\system_stm32f4xx.o
                                0x350 (size before relaxing)
 .debug_str     0x0000250d      0x27a ..\obj\ff.o
                                0x57e (size before relaxing)
 .debug_str     0x00002787      0x29e ..\obj\stm32f4xx_spi.o
                                0x630 (size before relaxing)
 .debug_str     0x00002a25      0x343 ..\obj\stm32f4xx_i2c.o
                                0x60b (size before relaxing)
 .debug_str     0x00002d68      0x103 ..\obj\stm32f4xx_exti.o
                                0x314 (size before relaxing)
 .debug_str     0x00002e6b      0x15d ..\obj\misc.o
                                0x37f (size before relaxing)
 .debug_str     0x00002fc8      0xa89 ..\obj\stm32f4xx_tim.o
                                0xd76 (size before relaxing)

.comment        0x00000000       0x70
 .comment       0x00000000       0x70 ..\obj\vectors.o
                                 0x71 (size before relaxing)
 .comment       0x00000000       0x71 ..\obj\stm32f4xx_syscfg.o
 .comment       0x00000000       0x71 ..\obj\startup_stm32f4xx.o
 .comment       0x00000000       0x71 ..\obj\main.o
 .comment       0x00000000       0x71 ..\obj\stm32f4xx_rcc.o
 .comment       0x00000000       0x71 ..\obj\codec.o
 .comment       0x00000000       0x71 ..\obj\karta_sd.o
 .comment       0x00000000       0x71 ..\obj\stm32f4xx_adc.o
 .comment       0x00000000       0x71 ..\obj\diody.o
 .comment       0x00000000       0x71 ..\obj\przycisk.o
 .comment       0x00000000       0x71 ..\obj\spi_sd.o
 .comment       0x00000000       0x71 ..\obj\stm32f4xx_gpio.o
 .comment       0x00000000       0x71 ..\obj\system_stm32f4xx.o
 .comment       0x00000000       0x71 ..\obj\ff.o
 .comment       0x00000000       0x71 ..\obj\stm32f4xx_spi.o
 .comment       0x00000000       0x71 ..\obj\stm32f4xx_i2c.o
 .comment       0x00000000       0x71 ..\obj\stm32f4xx_exti.o
 .comment       0x00000000       0x71 ..\obj\misc.o
 .comment       0x00000000       0x71 ..\obj\stm32f4xx_tim.o

.ARM.attributes
                0x00000000       0x33
 .ARM.attributes
                0x00000000       0x33 ..\obj\vectors.o
 .ARM.attributes
                0x00000033       0x33 ..\obj\stm32f4xx_syscfg.o
 .ARM.attributes
                0x00000066       0x33 ..\obj\startup_stm32f4xx.o
 .ARM.attributes
                0x00000099       0x33 ..\obj\main.o
 .ARM.attributes
                0x000000cc       0x33 ..\obj\stm32f4xx_rcc.o
 .ARM.attributes
                0x000000ff       0x33 ..\obj\codec.o
 .ARM.attributes
                0x00000132       0x33 ..\obj\karta_sd.o
 .ARM.attributes
                0x00000165       0x33 ..\obj\stm32f4xx_adc.o
 .ARM.attributes
                0x00000198       0x33 ..\obj\diody.o
 .ARM.attributes
                0x000001cb       0x33 ..\obj\przycisk.o
 .ARM.attributes
                0x000001fe       0x33 ..\obj\spi_sd.o
 .ARM.attributes
                0x00000231       0x33 ..\obj\stm32f4xx_gpio.o
 .ARM.attributes
                0x00000264       0x33 ..\obj\system_stm32f4xx.o
 .ARM.attributes
                0x00000297       0x33 ..\obj\ff.o
 .ARM.attributes
                0x000002ca       0x33 ..\obj\stm32f4xx_spi.o
 .ARM.attributes
                0x000002fd       0x33 ..\obj\stm32f4xx_i2c.o
 .ARM.attributes
                0x00000330       0x33 ..\obj\stm32f4xx_exti.o
 .ARM.attributes
                0x00000363       0x33 ..\obj\misc.o
 .ARM.attributes
                0x00000396       0x33 ..\obj\stm32f4xx_tim.o

.debug_frame    0x00000000     0x29f0
 .debug_frame   0x00000000       0x30 ..\obj\vectors.o
 .debug_frame   0x00000030       0xbc ..\obj\stm32f4xx_syscfg.o
 .debug_frame   0x000000ec       0x48 ..\obj\startup_stm32f4xx.o
 .debug_frame   0x00000134       0xa8 ..\obj\main.o
 .debug_frame   0x000001dc      0x4d8 ..\obj\stm32f4xx_rcc.o
 .debug_frame   0x000006b4       0xe8 ..\obj\codec.o
 .debug_frame   0x0000079c      0x19c ..\obj\karta_sd.o
 .debug_frame   0x00000938      0x434 ..\obj\stm32f4xx_adc.o
 .debug_frame   0x00000d6c       0x50 ..\obj\diody.o
 .debug_frame   0x00000dbc       0xa4 ..\obj\przycisk.o
 .debug_frame   0x00000e60      0x254 ..\obj\spi_sd.o
 .debug_frame   0x000010b4      0x19c ..\obj\stm32f4xx_gpio.o
 .debug_frame   0x00001250       0x64 ..\obj\system_stm32f4xx.o
 .debug_frame   0x000012b4      0x4f4 ..\obj\ff.o
 .debug_frame   0x000017a8      0x2d0 ..\obj\stm32f4xx_spi.o
 .debug_frame   0x00001a78      0x3b4 ..\obj\stm32f4xx_i2c.o
 .debug_frame   0x00001e2c       0xec ..\obj\stm32f4xx_exti.o
 .debug_frame   0x00001f18       0x9c ..\obj\misc.o
 .debug_frame   0x00001fb4      0xa3c ..\obj\stm32f4xx_tim.o
